Metal1		NET		1		0
Metal1		SPNET		2		0
Metal1		PIN		3		0
Metal1		LEFPIN		4		0
Metal1		FILL		5		0
Metal1		FILLOPC		6		0
Metal1		VIA		7		0
Metal1		VIAFILL		8		0
Metal1		VIAFILLOPC		9		0
Metal1		LEFOBS		10		0
NAME		Metal1/NET		11		0
NAME		Metal1/SPNET		12		0
NAME		Metal1/PIN		13		0
NAME		Metal1/LEFPIN		14		0
Via12		PIN		15		0
Via12		LEFPIN		16		0
Via12		FILL		17		0
Via12		FILLOPC		18		0
Via12		VIA		19		0
Via12		VIAFILL		20		0
Via12		VIAFILLOPC		21		0
Metal2		NET		22		0
Metal2		SPNET		23		0
Metal2		PIN		24		0
Metal2		LEFPIN		25		0
Metal2		FILL		26		0
Metal2		FILLOPC		27		0
Metal2		VIA		28		0
Metal2		VIAFILL		29		0
Metal2		VIAFILLOPC		30		0
Metal2		LEFOBS		31		0
NAME		Metal2/NET		32		0
NAME		Metal2/SPNET		33		0
NAME		Metal2/PIN		34		0
NAME		Metal2/LEFPIN		35		0
Via23		PIN		36		0
Via23		LEFPIN		37		0
Via23		FILL		38		0
Via23		FILLOPC		39		0
Via23		VIA		40		0
Via23		VIAFILL		41		0
Via23		VIAFILLOPC		42		0
Metal3		NET		43		0
Metal3		SPNET		44		0
Metal3		PIN		45		0
Metal3		LEFPIN		46		0
Metal3		FILL		47		0
Metal3		FILLOPC		48		0
Metal3		VIA		49		0
Metal3		VIAFILL		50		0
Metal3		VIAFILLOPC		51		0
Metal3		LEFOBS		52		0
NAME		Metal3/NET		53		0
NAME		Metal3/SPNET		54		0
NAME		Metal3/PIN		55		0
NAME		Metal3/LEFPIN		56		0
Via34		PIN		57		0
Via34		LEFPIN		58		0
Via34		FILL		59		0
Via34		FILLOPC		60		0
Via34		VIA		61		0
Via34		VIAFILL		62		0
Via34		VIAFILLOPC		63		0
Metal4		NET		64		0
Metal4		SPNET		65		0
Metal4		PIN		66		0
Metal4		LEFPIN		67		0
Metal4		FILL		68		0
Metal4		FILLOPC		69		0
Metal4		VIA		70		0
Metal4		VIAFILL		71		0
Metal4		VIAFILLOPC		72		0
Metal4		LEFOBS		73		0
NAME		Metal4/NET		74		0
NAME		Metal4/SPNET		75		0
NAME		Metal4/PIN		76		0
NAME		Metal4/LEFPIN		77		0
Via45		PIN		78		0
Via45		LEFPIN		79		0
Via45		FILL		80		0
Via45		FILLOPC		81		0
Via45		VIA		82		0
Via45		VIAFILL		83		0
Via45		VIAFILLOPC		84		0
Metal5		NET		85		0
Metal5		SPNET		86		0
Metal5		PIN		87		0
Metal5		LEFPIN		88		0
Metal5		FILL		89		0
Metal5		FILLOPC		90		0
Metal5		VIA		91		0
Metal5		VIAFILL		92		0
Metal5		VIAFILLOPC		93		0
Metal5		LEFOBS		94		0
NAME		Metal5/NET		95		0
NAME		Metal5/SPNET		96		0
NAME		Metal5/PIN		97		0
NAME		Metal5/LEFPIN		98		0
Via56		PIN		99		0
Via56		LEFPIN		100		0
Via56		FILL		101		0
Via56		FILLOPC		102		0
Via56		VIA		103		0
Via56		VIAFILL		104		0
Via56		VIAFILLOPC		105		0
Metal6		NET		106		0
Metal6		SPNET		107		0
Metal6		PIN		108		0
Metal6		LEFPIN		109		0
Metal6		FILL		110		0
Metal6		FILLOPC		111		0
Metal6		VIA		112		0
Metal6		VIAFILL		113		0
Metal6		VIAFILLOPC		114		0
Metal6		LEFOBS		115		0
NAME		Metal6/NET		116		0
NAME		Metal6/SPNET		117		0
NAME		Metal6/PIN		118		0
NAME		Metal6/LEFPIN		119		0
NAME		COMP		120		0
COMP		ALL		121		0
DIEAREA		ALL		122		0
